../Core/Src/led_display.c:12:6:led_red_blink	8	static
../Core/Src/led_display.c:16:6:led_green_blink	8	static
../Core/Src/led_display.c:20:6:led_yellow_blink	8	static
../Core/Src/led_display.c:25:6:display1	16	static
../Core/Src/led_display.c:129:6:display2number	16	static
../Core/Src/led_display.c:174:6:updatemode	16	static
../Core/Src/led_display.c:191:6:timeledlight	8	static
../Core/Src/led_display.c:194:6:normalstate	8	static
../Core/Src/led_display.c:250:6:update_numbers	16	static
../Core/Src/led_display.c:255:6:modify_red_duration	8	static
../Core/Src/led_display.c:275:6:modify_yellow_duration	8	static
../Core/Src/led_display.c:295:6:modify_green_duration	8	static
