../Core/Src/led_display.c:12:6:led_red_blink	8	static
../Core/Src/led_display.c:17:6:led_green_blink	8	static
../Core/Src/led_display.c:22:6:led_yellow_blink	8	static
../Core/Src/led_display.c:28:6:display1	16	static
../Core/Src/led_display.c:132:6:display2number	16	static
../Core/Src/led_display.c:177:6:updatemode	16	static
../Core/Src/led_display.c:194:6:timeledlight	8	static
../Core/Src/led_display.c:197:6:normalstate	8	static
../Core/Src/led_display.c:253:6:update_numbers	16	static
../Core/Src/led_display.c:258:6:modify_red_duration	8	static
../Core/Src/led_display.c:278:6:modify_yellow_duration	8	static
../Core/Src/led_display.c:298:6:modify_green_duration	8	static
