../Core/Src/main.c:67:6:setTimer	16	static
../Core/Src/main.c:75:6:timerRun	16	static
../Core/Src/main.c:96:6:update7SEG	16	static
../Core/Src/main.c:131:6:updateClockBuffer	4	static
../Core/Src/main.c:139:6:HAL_TIM_PeriodElapsedCallback	16	static
../Core/Src/main.c:171:5:main	8	static
../Core/Src/main.c:228:6:SystemClock_Config	72	static
../Core/Src/main.c:265:13:MX_TIM2_Init	32	static
../Core/Src/main.c:310:13:MX_GPIO_Init	32	static
../Core/Src/main.c:366:6:Error_Handler	4	static,ignoring_inline_asm
